Archive member included because of file (symbol)

C:\Infineon\AURIX-Studio-1.9.12\tools\Compilers\sdcc_421/share/sdcc/lib/large\libmcs51.a(crtstart.rel)
                              (_resetvec)
C:\Infineon\AURIX-Studio-1.9.12\tools\Compilers\sdcc_421/share/sdcc/lib/large\libmcs51.a(crtxinit.rel)
                              C:\Infineon\AURIX-Studio-1.9.12\tools\Compilers\sdcc_421/share/sdcc/lib/large\libmcs51.a(crtstart.rel) (__sdcc_gsinit3_start)
C:\Infineon\AURIX-Studio-1.9.12\tools\Compilers\sdcc_421/share/sdcc/lib/large\libmcs51.a(crtclear.rel)
                              C:\Infineon\AURIX-Studio-1.9.12\tools\Compilers\sdcc_421/share/sdcc/lib/large\libmcs51.a(crtxinit.rel) (__sdcc_gsinit4_start)
C:\Infineon\AURIX-Studio-1.9.12\tools\Compilers\sdcc_421/share/sdcc/lib/large\libmcs51.a(crtpagesfr_tc3xx.rel)
                              C:\Infineon\AURIX-Studio-1.9.12\tools\Compilers\sdcc_421/share/sdcc/lib/large\libmcs51.a(crtxinit.rel) (__XPAGE)
C:\Infineon\AURIX-Studio-1.9.12\tools\Compilers\sdcc_421/share/sdcc/lib/large\libmcs51.a(crtxstack.rel)
                              C:\Infineon\AURIX-Studio-1.9.12\tools\Compilers\sdcc_421/share/sdcc/lib/large\libmcs51.a(crtstart.rel) (__sdcc_gsinit1_start)
C:\Infineon\AURIX-Studio-1.9.12\tools\Compilers\sdcc_421/share/sdcc/lib/large\libmcs51.a(crtxclear.rel)
                              C:\Infineon\AURIX-Studio-1.9.12\tools\Compilers\sdcc_421/share/sdcc/lib/large\libmcs51.a(crtclear.rel) (__sdcc_gsinit4B_start)
C:\Infineon\AURIX-Studio-1.9.12\tools\Compilers\sdcc_421/share/sdcc/lib/large\libsdcc.a(_startup.rel)
                              C:\Infineon\AURIX-Studio-1.9.12\tools\Compilers\sdcc_421/share/sdcc/lib/large\libmcs51.a(crtstart.rel) (__sdcc_external_startup)

Allocating common symbols
Common symbol       size              file

__RB0__             0x8               C:\Infineon\AURIX-Studio-1.9.12\tools\Compilers\sdcc_421/share/sdcc/lib/large\libsdcc.a(_startup.rel)

Discarded input sections

 .text          0x00000000        0x0 C:\Infineon\AURIX-Studio-1.9.12\tools\Compilers\sdcc_421/share/sdcc/lib/large\libmcs51.a(crtstart.rel)
 .data          0x00000000        0x0 C:\Infineon\AURIX-Studio-1.9.12\tools\Compilers\sdcc_421/share/sdcc/lib/large\libmcs51.a(crtstart.rel)
 .bss           0x00000000        0x0 C:\Infineon\AURIX-Studio-1.9.12\tools\Compilers\sdcc_421/share/sdcc/lib/large\libmcs51.a(crtstart.rel)
 .bits.i51      0x00000000        0x8 C:\Infineon\AURIX-Studio-1.9.12\tools\Compilers\sdcc_421/share/sdcc/lib/large\libmcs51.a(crtstart.rel)
 .dbit.i51      0x00000000        0x1 C:\Infineon\AURIX-Studio-1.9.12\tools\Compilers\sdcc_421/share/sdcc/lib/large\libmcs51.a(crtstart.rel)
 .text          0x00000000        0x0 C:\Infineon\AURIX-Studio-1.9.12\tools\Compilers\sdcc_421/share/sdcc/lib/large\libmcs51.a(crtxinit.rel)
 .data          0x00000000        0x0 C:\Infineon\AURIX-Studio-1.9.12\tools\Compilers\sdcc_421/share/sdcc/lib/large\libmcs51.a(crtxinit.rel)
 .bss           0x00000000        0x0 C:\Infineon\AURIX-Studio-1.9.12\tools\Compilers\sdcc_421/share/sdcc/lib/large\libmcs51.a(crtxinit.rel)
 .text          0x00000000        0x0 C:\Infineon\AURIX-Studio-1.9.12\tools\Compilers\sdcc_421/share/sdcc/lib/large\libmcs51.a(crtclear.rel)
 .data          0x00000000        0x0 C:\Infineon\AURIX-Studio-1.9.12\tools\Compilers\sdcc_421/share/sdcc/lib/large\libmcs51.a(crtclear.rel)
 .bss           0x00000000        0x0 C:\Infineon\AURIX-Studio-1.9.12\tools\Compilers\sdcc_421/share/sdcc/lib/large\libmcs51.a(crtclear.rel)
 .text          0x00000000        0x0 C:\Infineon\AURIX-Studio-1.9.12\tools\Compilers\sdcc_421/share/sdcc/lib/large\libmcs51.a(crtpagesfr_tc3xx.rel)
 .data          0x00000000        0x0 C:\Infineon\AURIX-Studio-1.9.12\tools\Compilers\sdcc_421/share/sdcc/lib/large\libmcs51.a(crtpagesfr_tc3xx.rel)
 .bss           0x00000000        0x0 C:\Infineon\AURIX-Studio-1.9.12\tools\Compilers\sdcc_421/share/sdcc/lib/large\libmcs51.a(crtpagesfr_tc3xx.rel)
 .text          0x00000000        0x0 C:\Infineon\AURIX-Studio-1.9.12\tools\Compilers\sdcc_421/share/sdcc/lib/large\libmcs51.a(crtxstack.rel)
 .data          0x00000000        0x0 C:\Infineon\AURIX-Studio-1.9.12\tools\Compilers\sdcc_421/share/sdcc/lib/large\libmcs51.a(crtxstack.rel)
 .bss           0x00000000        0x0 C:\Infineon\AURIX-Studio-1.9.12\tools\Compilers\sdcc_421/share/sdcc/lib/large\libmcs51.a(crtxstack.rel)
 .text          0x00000000        0x0 C:\Infineon\AURIX-Studio-1.9.12\tools\Compilers\sdcc_421/share/sdcc/lib/large\libmcs51.a(crtxclear.rel)
 .data          0x00000000        0x0 C:\Infineon\AURIX-Studio-1.9.12\tools\Compilers\sdcc_421/share/sdcc/lib/large\libmcs51.a(crtxclear.rel)
 .bss           0x00000000        0x0 C:\Infineon\AURIX-Studio-1.9.12\tools\Compilers\sdcc_421/share/sdcc/lib/large\libmcs51.a(crtxclear.rel)
 .text          0x00000000        0x0 C:\Infineon\AURIX-Studio-1.9.12\tools\Compilers\sdcc_421/share/sdcc/lib/large\libsdcc.a(_startup.rel)
 .data          0x00000000        0x0 C:\Infineon\AURIX-Studio-1.9.12\tools\Compilers\sdcc_421/share/sdcc/lib/large\libsdcc.a(_startup.rel)
 .bss           0x00000000        0x0 C:\Infineon\AURIX-Studio-1.9.12\tools\Compilers\sdcc_421/share/sdcc/lib/large\libsdcc.a(_startup.rel)
 COMMON         0x00000000        0x8 C:\Infineon\AURIX-Studio-1.9.12\tools\Compilers\sdcc_421/share/sdcc/lib/large\libsdcc.a(_startup.rel)
 .text          0x00000000        0x0 ./SCR/main.o
 .data          0x00000000        0x0 ./SCR/main.o
 .bss           0x00000000        0x0 ./SCR/main.o
 .bdata.i51     0x00000000        0x0 ./SCR/main.o
 .text          0x00000000        0x0 ./SCR/scr_adc_init.o
 .data          0x00000000        0x0 ./SCR/scr_adc_init.o
 .bss           0x00000000        0x0 ./SCR/scr_adc_init.o
 .bdata.i51     0x00000000        0x0 ./SCR/scr_adc_init.o
 .xdata.i51     0x00000000        0x2 ./SCR/scr_adc_init.o
 .text.code.scr_adc_init
                0x00000000        0x1 ./SCR/scr_adc_init.o
 .text.code.scr_adc_enable_modul
                0x00000000        0x1 ./SCR/scr_adc_init.o
 .text.code.scr_adc_disable_modu
                0x00000000        0x1 ./SCR/scr_adc_init.o
 .text.code.scr_isAdc_enabled
                0x00000000        0x1 ./SCR/scr_adc_init.o
 .text.code.scr_adc_isReadyForNewConversion
                0x00000000        0x1 ./SCR/scr_adc_init.o
 .text.code.scr_adc_selectChannel
                0x00000000        0x1 ./SCR/scr_adc_init.o
 .text.code.scr_adc_selectSampleTime
                0x00000000        0x1 ./SCR/scr_adc_init.o
 .text.code.scr_adc_startConversion
                0x00000000        0x1 ./SCR/scr_adc_init.o
 .text.code.scr_adc_getResult
                0x00000000        0xc ./SCR/scr_adc_init.o
 .text          0x00000000        0x0 ./SCR/scr_gpio_init.o
 .data          0x00000000        0x0 ./SCR/scr_gpio_init.o
 .bss           0x00000000        0x0 ./SCR/scr_gpio_init.o
 .bdata.i51     0x00000000        0x0 ./SCR/scr_gpio_init.o
 .text          0x00000000        0x0 ./SCR/scr_rtc_init.o
 .data          0x00000000        0x0 ./SCR/scr_rtc_init.o
 .bss           0x00000000        0x0 ./SCR/scr_rtc_init.o
 .bdata.i51     0x00000000        0x0 ./SCR/scr_rtc_init.o
 .text.code.scr_rtcInit
                0x00000000        0x1 ./SCR/scr_rtc_init.o
 .text          0x00000000        0x0 ./SCR/scr_t2ccu.o
 .data          0x00000000        0x0 ./SCR/scr_t2ccu.o
 .bss           0x00000000        0x0 ./SCR/scr_t2ccu.o
 .text          0x00000000        0x0 ./SCR/wakeup_tricore.o
 .data          0x00000000        0x0 ./SCR/wakeup_tricore.o
 .bss           0x00000000        0x0 ./SCR/wakeup_tricore.o
 .bdata.i51     0x00000000        0x0 ./SCR/wakeup_tricore.o
 .text.code.TrigerWakeUpFromStandbyMode
                0x00000000        0x7 ./SCR/wakeup_tricore.o

Memory Configuration

Name             Origin             Length             Used               Free               Attributes
text             0x00000000         0x00001c00         0x0000025d         0x000019a3         xr
bit              0x00000000         0x00000080         0x00000001         0x0000007f         rw !x
data             0x00000000         0x00000100         0x00000008         0x000000f8         rw !x
pdata            0x00000000         0x00000100         0x00000000         0x00000100         rw !x
xdata            0x00001c00         0x00000400         0x00000108         0x000002f8         rw !x
edata            0x00000000         0x00000000         0x00000000         0x00000000         rw !x
eeprom           0x00000000         0x00000000         0x00000000         0x00000000         rw !x
*default*        0x00000000         0xffffffff         0x00001d08         0xffffe2f7

Linker script and memory map

                0x00000100                PROVIDE (l_IRAM, 0x100)

.hash
 *(.hash)

.dynsym
 *(.dynsym)

.dynstr
 *(.dynstr)

.gnu.version
 *(.gnu.version)

.gnu.version_d
 *(.gnu.version_d)

.gnu.version_r
 *(.gnu.version_r)

.rel.init
 *(.rel.init)

.rela.init
 *(.rela.init)

.rel.text
 *(.rel.text)
 *(.rel.text.*)
 *(.rel.gnu.linkonce.t*)

.rela.text
 *(.rela.text)
 *(.rela.text.*)
 *(.rela.gnu.linkonce.t*)

.rel.fini
 *(.rel.fini)

.rela.fini
 *(.rela.fini)

.rel.rodata
 *(.rel.rodata)
 *(.rel.rodata.*)
 *(.rel.gnu.linkonce.r*)

.rela.rodata
 *(.rela.rodata)
 *(.rela.rodata.*)
 *(.rela.gnu.linkonce.r*)

.rel.data
 *(.rel.data)
 *(.rel.data.*)
 *(.rel.gnu.linkonce.d*)

.rela.data
 *(.rela.data)
 *(.rela.data.*)
 *(.rela.gnu.linkonce.d*)

.rel.ctors
 *(.rel.ctors)

.rela.ctors
 *(.rela.ctors)

.rel.dtors
 *(.rel.dtors)

.rela.dtors
 *(.rela.dtors)

.rel.got
 *(.rel.got)

.rela.got
 *(.rela.got)

.rel.bss
 *(.rel.bss)

.rela.bss
 *(.rela.bss)

.rel.plt
 *(.rel.plt)

.rela.plt
 *(.rela.plt)

.reset          memory region -> text
                0x00000000        0x3
                0x00000000                PROVIDE (_resetvec, .)
 *(.reset)
 .reset         0x00000000        0x3 C:\Infineon\AURIX-Studio-1.9.12\tools\Compilers\sdcc_421/share/sdcc/lib/large\libmcs51.a(crtstart.rel)
                0x00000000                _resetvec

.isr00
 *(.isr00)

.isr01
 *(.isr01)

.isr02
 *(.isr02)

.isr03
 *(.isr03)

.isr04
 *(.isr04)

.isr05
 *(.isr05)

.isr06
 *(.isr06)

.isr07
 *(.isr07)

.isr08          memory region -> text
                0x00000043        0x3
 *(.isr08)
 .isr08         0x00000043        0x3 ./SCR/main.o

.isr09          memory region -> text
                0x0000004b        0x3
 *(.isr09)
 .isr09         0x0000004b        0x3 ./SCR/main.o

.isr10
 *(.isr10)

.isr11
 *(.isr11)

.isr12
 *(.isr12)

.isr13          memory region -> text
                0x0000006b        0x3
 *(.isr13)
 .isr13         0x0000006b        0x3 ./SCR/main.o

.isr14
 *(.isr14)

.gsinit         memory region -> text
                0x00000100        0x3
                0x00000100                PROVIDE (__init_table, .)
 *(.text.gsinit)
                0x00000100        0x1 BYTE 0x22
                0x00000101        0x2 SHORT 0x100 ADDR (.gsinit)

.text           memory region -> text
                0x00000103      0x154
 *(.init)
 *(.text.gsinit0)
 .text.gsinit0  0x00000103        0x6 C:\Infineon\AURIX-Studio-1.9.12\tools\Compilers\sdcc_421/share/sdcc/lib/large\libmcs51.a(crtstart.rel)
                0x00000103                __sdcc_gsinit_startup
 *(.text.gsinit1)
 .text.gsinit1  0x00000109        0x3 C:\Infineon\AURIX-Studio-1.9.12\tools\Compilers\sdcc_421/share/sdcc/lib/large\libmcs51.a(crtxstack.rel)
                0x00000109                __sdcc_gsinit1_start
 *(.text.gsinit2)
 .text.gsinit2  0x0000010c        0xd C:\Infineon\AURIX-Studio-1.9.12\tools\Compilers\sdcc_421/share/sdcc/lib/large\libmcs51.a(crtstart.rel)
                0x0000010c                __sdcc_gsinit2_start
 *(.text.gsinit3)
 .text.gsinit3  0x00000119       0x25 C:\Infineon\AURIX-Studio-1.9.12\tools\Compilers\sdcc_421/share/sdcc/lib/large\libmcs51.a(crtxinit.rel)
                0x00000119                __sdcc_gsinit3_start
 *(.text.gsinit4)
 .text.gsinit4  0x0000013e        0x9 C:\Infineon\AURIX-Studio-1.9.12\tools\Compilers\sdcc_421/share/sdcc/lib/large\libmcs51.a(crtclear.rel)
                0x0000013e                __sdcc_gsinit4_start
 .text.gsinit4  0x00000147       0x27 C:\Infineon\AURIX-Studio-1.9.12\tools\Compilers\sdcc_421/share/sdcc/lib/large\libmcs51.a(crtxclear.rel)
                0x00000147                __sdcc_gsinit4B_start
 *(.text.gsinit5)
 .text.gsinit5  0x0000016e        0x3 C:\Infineon\AURIX-Studio-1.9.12\tools\Compilers\sdcc_421/share/sdcc/lib/large\libmcs51.a(crtxstack.rel)
                0x0000016e                __sdcc_gsinit5_start
 *(.text.gsfinal)
 .text.gsfinal  0x00000171        0x8 C:\Infineon\AURIX-Studio-1.9.12\tools\Compilers\sdcc_421/share/sdcc/lib/large\libmcs51.a(crtstart.rel)
                0x00000171                __sdcc_program_startup
 *(.text)
 *(.text.*)
 .text.code._sdcc_external_startup
                0x00000179        0x4 C:\Infineon\AURIX-Studio-1.9.12\tools\Compilers\sdcc_421/share/sdcc/lib/large\libsdcc.a(_startup.rel)
                0x00000179                __sdcc_external_startup
 .text.code.main
                0x0000017d       0x49 ./SCR/main.o
                0x0000017d                _main
 .text.code.delay
                0x000001c6       0x22 ./SCR/main.o
                0x000001c6                _delay
 .text.code.rtc_interrupt
                0x000001e8        0x4 ./SCR/main.o
                0x000001e8                _rtc_interrupt
 .text.code.EXINT2IS_interrupt
                0x000001ec        0xa ./SCR/main.o
                0x000001ec                _EXINT2IS_interrupt
 .text.code.EXINT5IS_interrupt
                0x000001f6        0xa ./SCR/main.o
                0x000001f6                _EXINT5IS_interrupt
 .text.code.gpio_init
                0x00000200       0x43 ./SCR/scr_gpio_init.o
                0x00000200                _gpio_init
 .text.code.IsStandbyMode
                0x00000243       0x14 ./SCR/wakeup_tricore.o
                0x00000243                _IsStandbyMode
 *(.fini)
                0x00000257                _etext = .

.roxdata        memory region -> text
                0x00000257        0x6
                0x00000257                __roxdata_start = .
 *(.roxdata.*)
 .roxdata.init  0x00000257        0x6 ./SCR/main.o
                0x0000025d                __roxdata_end = .
                0x00000008                regsize = DEFINED (__RB3__)?0x20:DEFINED (__RB2__)?0x18:DEFINED (__RB1__)?0x10:0x8

.reg            memory region -> data
                0x00000000        0x8 load address 0x00000257
                0x00000000                PROVIDE (__reg_start, .)
 *(.regbank)
                0x00000008                . = regsize
 *fill*         0x00000000        0x8 00
                0x00000008                PROVIDE (__reg_end, .)

.bits           memory region -> bit
                0x00000000        0x0
                0x00000000                PROVIDE (__bit_start, .)
 *(.bits*)
                0x00000000                PROVIDE (__bit_end, .)

.dbit           memory region -> data
                0x00000020        0x0
 *(.dbit*)

.bit            memory region -> bit
                0x00000000        0x1
                0x00000000                PROVIDE (__bit_start, .)
 *(.bitdata*)
 .bitdata.i51   0x00000000        0x1 ./SCR/wakeup_tricore.o
                0x00000001                PROVIDE (__bit_end, .)

.ddata          memory region -> data
                0x00000021        0x0
                0x00000021                PROVIDE (__ddata_start, .)
 *(.ddata*)
 *(.gnu.linkonce.d*)
                0x00000021                __ddata_end = .

.bss            memory region -> data
                0x00000021        0x0
                0x00000021                PROVIDE (__bss_start, .)
 *(.bss*)
 *(COMMON)
                0x00000021                PROVIDE (__bss_end, .)

.idata          memory region -> data
                0x00000021        0x0
                0x00000021                PROVIDE (__idata_start, .)
 *(.idata*)
                0x00000021                PROVIDE (__idata_end, .)

.ibss           memory region -> data
                0x00000021        0x0
                0x00000021                PROVIDE (__ibss_start, .)
 *(.ibss*)
                0x00000021                PROVIDE (__ibss_end, .)
                0x00000021                PROVIDE (__stack_start, .)

.pdata          memory region -> xdata
                0x00001c01        0x0
                0x00001c01                __pdata_start = .
 *(.pdata*)
                0x00001c01                __pdata_end = .
                0x00001c01                PROVIDE (__xstack_start, .)

.xdata          memory region -> xdata
                0x00001d00        0x8
                0x00001d00                __xdatac_start = .
 *(.xdata.i51*)
 .xdata.i51     0x00001d00        0x2 ./SCR/main.o
                0x00001d00                _retunr_value
 *(.xdata.abs*)
                0x00001d02                __xdatac_end = .
                0x00001d02                __xdatai_start = .
 *(.xdata.init*)
 .xdata.init    0x00001d02        0x6 ./SCR/main.o
                0x00001d02                _FellingEdge
                0x00001d04                _RissingEdge
                0x00001d06                _CaptureFlag
                0x00001d08                __xdatai_end = .

.ixdata         memory region -> xdata
                0x00001d08        0x0
                0x00001d08                PROVIDE (__ixdata_start, .)
 *(.xbss*)
                0x00001d08                PROVIDE (__ixdata_end, .)

.edata          memory region -> edata
                0x00000000        0x0
                0x00000000                PROVIDE (__edata_start, .)
 *(.edata*)
                0x00000000                PROVIDE (__edata_end, .)
                0x00001c01                s_PSEG = __pdata_start
                0x00000000                l_PSEG = (__pdata_end - __pdata_start)
                0x00001d00                s_XSEG = __xdatac_start
                0x00000002                l_XSEG = (__xdatac_end - __xdatac_start)
                0x00001d02                s_XISEG = __xdatai_start
                0x00000006                l_XISEG = (__xdatai_end - __xdatai_start)
                0x00000257                s_XINIT = __roxdata_start
                0x00000006                l_XINIT = (__roxdata_end - __roxdata_start)
                0x00000001                _. = ASSERT ((__stack_start < 0xf0), Stack Iram above limit 0xF0)
                0x00000001                _. = ASSERT ((__ddata_end < 0x80), Direct Iram Data above Limit 0x80)

.iedata         memory region -> edata
                0x00000000        0x0
                0x00000000                PROVIDE (__iedata_start, .)
 *(.ebss*)
                0x00000000                PROVIDE (__iedata_end, .)

.eeprom         memory region -> eeprom
                0x00000000        0x0
                0x00000000                PROVIDE (__eeprom_start, .)
 *(.eeprom*)
                0x00000000                PROVIDE (__eeprom_end, .)

.stab
 *(.stab)

.stabstr
 *(.stabstr)

.stab.excl
 *(.stab.excl)

.stab.exclstr
 *(.stab.exclstr)

.stab.index
 *(.stab.index)

.stab.indexstr
 *(.stab.indexstr)

.comment
 *(.comment)

.debug
 *(.debug)

.line
 *(.line)

.debug_srcinfo
 *(.debug_srcinfo)

.debug_sfnames
 *(.debug_sfnames)

.debug_aranges
 *(.debug_aranges)

.debug_pubnames
 *(.debug_pubnames)

.debug_info
 *(.debug_info)
 *(.gnu.linkonce.wi.*)

.debug_abbrev
 *(.debug_abbrev)

.debug_line
 *(.debug_line)

.debug_frame
 *(.debug_frame)

.debug_str
 *(.debug_str)

.debug_loc
 *(.debug_loc)

.debug_macinfo
 *(.debug_macinfo)
LOAD C:\Infineon\AURIX-Studio-1.9.12\tools\Compilers\sdcc_421/share/sdcc/lib/large\libsdcc.a
LOAD C:\Infineon\AURIX-Studio-1.9.12\tools\Compilers\sdcc_421/share/sdcc/lib/large\libmcs51.a
LOAD C:\Infineon\AURIX-Studio-1.9.12\tools\Compilers\sdcc_421/share/sdcc/lib/large\libint.a
LOAD C:\Infineon\AURIX-Studio-1.9.12\tools\Compilers\sdcc_421/share/sdcc/lib/large\libsdcc.a
LOAD C:\Infineon\AURIX-Studio-1.9.12\tools\Compilers\sdcc_421/share/sdcc/lib/large\liblonglong.a
LOAD C:\Infineon\AURIX-Studio-1.9.12\tools\Compilers\sdcc_421/share/sdcc/lib/large\liblong.a
LOAD C:\Infineon\AURIX-Studio-1.9.12\tools\Compilers\sdcc_421/share/sdcc/lib/large\libint.a
LOAD C:\Infineon\AURIX-Studio-1.9.12\tools\Compilers\sdcc_421/share/sdcc/lib/large\libfloat.a
LOAD ./SCR/main.o
LOAD ./SCR/scr_adc_init.o
LOAD ./SCR/scr_gpio_init.o
LOAD ./SCR/scr_rtc_init.o
LOAD ./SCR/scr_t2ccu.o
LOAD ./SCR/wakeup_tricore.o
OUTPUT(scr_a2g.elf elf32-i51)
